test_files/data2.input: Non-ISO extended-ASCII text
